                      (_debug_simple.asm):00001         ; --- Motorola 6809 backend (Vectrex) title='TEST_DEBUG_SIMPLE' origin=$0000 ---
                      (_debug_simple.asm):00002                 ORG $0000
                      (_debug_simple.asm):00003         ;***************************************************************************
                      (_debug_simple.asm):00004         ; DEFINE SECTION
                      (_debug_simple.asm):00005         ;***************************************************************************
                      (_debug_simple.asm):00006             INCLUDE "include/VECTREX.I"
     C800             (include/VECTREX.I):00001         Vec_Snd_Shadow  EQU     $C800   ;Shadow of sound chip registers (15 bytes)
     C80F             (include/VECTREX.I):00002         Vec_Btn_State   EQU     $C80F   ;Current state of all joystick buttons
     C810             (include/VECTREX.I):00003         Vec_Prev_Btns   EQU     $C810   ;Previous state of all joystick buttons
     C811             (include/VECTREX.I):00004         Vec_Buttons     EQU     $C811   ;Current toggle state of all buttons
     C812             (include/VECTREX.I):00005         Vec_Button_1_1  EQU     $C812   ;Current toggle state of stick 1 button 1
     C813             (include/VECTREX.I):00006         Vec_Button_1_2  EQU     $C813   ;Current toggle state of stick 1 button 2
     C814             (include/VECTREX.I):00007         Vec_Button_1_3  EQU     $C814   ;Current toggle state of stick 1 button 3
     C815             (include/VECTREX.I):00008         Vec_Button_1_4  EQU     $C815   ;Current toggle state of stick 1 button 4
     C816             (include/VECTREX.I):00009         Vec_Button_2_1  EQU     $C816   ;Current toggle state of stick 2 button 1
     C817             (include/VECTREX.I):00010         Vec_Button_2_2  EQU     $C817   ;Current toggle state of stick 2 button 2
     C818             (include/VECTREX.I):00011         Vec_Button_2_3  EQU     $C818   ;Current toggle state of stick 2 button 3
     C819             (include/VECTREX.I):00012         Vec_Button_2_4  EQU     $C819   ;Current toggle state of stick 2 button 4
     C81A             (include/VECTREX.I):00013         Vec_Joy_Resltn  EQU     $C81A   ;Joystick A/D resolution ($80=min $00=max)
     C81B             (include/VECTREX.I):00014         Vec_Joy_1_X     EQU     $C81B   ;Joystick 1 left/right
     C81C             (include/VECTREX.I):00015         Vec_Joy_1_Y     EQU     $C81C   ;Joystick 1 up/down
     C81D             (include/VECTREX.I):00016         Vec_Joy_2_X     EQU     $C81D   ;Joystick 2 left/right
     C81E             (include/VECTREX.I):00017         Vec_Joy_2_Y     EQU     $C81E   ;Joystick 2 up/down
     C81F             (include/VECTREX.I):00018         Vec_Joy_Mux     EQU     $C81F   ;Joystick enable/mux flags (4 bytes)
     C81F             (include/VECTREX.I):00019         Vec_Joy_Mux_1_X EQU     $C81F   ;Joystick 1 X enable/mux flag (=1)
     C820             (include/VECTREX.I):00020         Vec_Joy_Mux_1_Y EQU     $C820   ;Joystick 1 Y enable/mux flag (=3)
     C821             (include/VECTREX.I):00021         Vec_Joy_Mux_2_X EQU     $C821   ;Joystick 2 X enable/mux flag (=5)
     C822             (include/VECTREX.I):00022         Vec_Joy_Mux_2_Y EQU     $C822   ;Joystick 2 Y enable/mux flag (=7)
     C823             (include/VECTREX.I):00023         Vec_Misc_Count  EQU     $C823   ;Misc counter/flag byte, zero when not in use
     C824             (include/VECTREX.I):00024         Vec_0Ref_Enable EQU     $C824   ;Check0Ref enable flag
     C825             (include/VECTREX.I):00025         Vec_Loop_Count  EQU     $C825   ;Loop counter word (incremented in Wait_Recal)
     C827             (include/VECTREX.I):00026         Vec_Brightness  EQU     $C827   ;Default brightness
     C828             (include/VECTREX.I):00027         Vec_Dot_Dwell   EQU     $C828   ;Dot dwell time?
     C829             (include/VECTREX.I):00028         Vec_Pattern     EQU     $C829   ;Dot pattern (bits)
     C82A             (include/VECTREX.I):00029         Vec_Text_HW     EQU     $C82A   ;Default text height and width
     C82A             (include/VECTREX.I):00030         Vec_Text_Height EQU     $C82A   ;Default text height
     C82B             (include/VECTREX.I):00031         Vec_Text_Width  EQU     $C82B   ;Default text width
     C82C             (include/VECTREX.I):00032         Vec_Str_Ptr     EQU     $C82C   ;Temporary string pointer for Print_Str
     C82E             (include/VECTREX.I):00033         Vec_Counters    EQU     $C82E   ;Six bytes of counters
     C82E             (include/VECTREX.I):00034         Vec_Counter_1   EQU     $C82E   ;First  counter byte
     C82F             (include/VECTREX.I):00035         Vec_Counter_2   EQU     $C82F   ;Second counter byte
     C830             (include/VECTREX.I):00036         Vec_Counter_3   EQU     $C830   ;Third  counter byte
     C831             (include/VECTREX.I):00037         Vec_Counter_4   EQU     $C831   ;Fourth counter byte
     C832             (include/VECTREX.I):00038         Vec_Counter_5   EQU     $C832   ;Fifth  counter byte
     C833             (include/VECTREX.I):00039         Vec_Counter_6   EQU     $C833   ;Sixth  counter byte
     C834             (include/VECTREX.I):00040         Vec_RiseRun_Tmp EQU     $C834   ;Temp storage word for rise/run
     C836             (include/VECTREX.I):00041         Vec_Angle       EQU     $C836   ;Angle for rise/run and rotation calculations
     C837             (include/VECTREX.I):00042         Vec_Run_Index   EQU     $C837   ;Index pair for run
                      (include/VECTREX.I):00043         *                       $C839   ;Pointer to copyright string during startup
     C839             (include/VECTREX.I):00044         Vec_Rise_Index  EQU     $C839   ;Index pair for rise
                      (include/VECTREX.I):00045         *                       $C83B   ;High score cold-start flag (=0 if valid)
     C83B             (include/VECTREX.I):00046         Vec_RiseRun_Len EQU     $C83B   ;length for rise/run
                      (include/VECTREX.I):00047         *                       $C83C   ;temp byte
     C83D             (include/VECTREX.I):00048         Vec_Rfrsh       EQU     $C83D   ;Refresh time (divided by 1.5MHz)
     C83D             (include/VECTREX.I):00049         Vec_Rfrsh_lo    EQU     $C83D   ;Refresh time low byte
     C83E             (include/VECTREX.I):00050         Vec_Rfrsh_hi    EQU     $C83E   ;Refresh time high byte
     C83F             (include/VECTREX.I):00051         Vec_Music_Work  EQU     $C83F   ;Music work buffer (14 bytes, backwards?)
     C842             (include/VECTREX.I):00052         Vec_Music_Wk_A  EQU     $C842   ;        register 10
                      (include/VECTREX.I):00053         *                       $C843   ;        register 9
                      (include/VECTREX.I):00054         *                       $C844   ;        register 8
     C845             (include/VECTREX.I):00055         Vec_Music_Wk_7  EQU     $C845   ;        register 7
     C846             (include/VECTREX.I):00056         Vec_Music_Wk_6  EQU     $C846   ;        register 6
     C847             (include/VECTREX.I):00057         Vec_Music_Wk_5  EQU     $C847   ;        register 5
                      (include/VECTREX.I):00058         *                       $C848   ;        register 4
                      (include/VECTREX.I):00059         *                       $C849   ;        register 3
                      (include/VECTREX.I):00060         *                       $C84A   ;        register 2
     C84B             (include/VECTREX.I):00061         Vec_Music_Wk_1  EQU     $C84B   ;        register 1
                      (include/VECTREX.I):00062         *                       $C84C   ;        register 0
     C84D             (include/VECTREX.I):00063         Vec_Freq_Table  EQU     $C84D   ;Pointer to note-to-frequency table (normally $FC8D)
     C84F             (include/VECTREX.I):00064         Vec_Max_Players EQU     $C84F   ;Maximum number of players for Select_Game
     C850             (include/VECTREX.I):00065         Vec_Max_Games   EQU     $C850   ;Maximum number of games for Select_Game
     C84F             (include/VECTREX.I):00066         Vec_ADSR_Table  EQU     $C84F   ;Storage for first music header word (ADSR table)
     C851             (include/VECTREX.I):00067         Vec_Twang_Table EQU     $C851   ;Storage for second music header word ('twang' table)
     C853             (include/VECTREX.I):00068         Vec_Music_Ptr   EQU     $C853   ;Music data pointer
     C853             (include/VECTREX.I):00069         Vec_Expl_ChanA  EQU     $C853   ;Used by Explosion_Snd - bit for first channel used?
     C854             (include/VECTREX.I):00070         Vec_Expl_Chans  EQU     $C854   ;Used by Explosion_Snd - bits for all channels used?
     C855             (include/VECTREX.I):00071         Vec_Music_Chan  EQU     $C855   ;Current sound channel number for Init_Music
     C856             (include/VECTREX.I):00072         Vec_Music_Flag  EQU     $C856   ;Music active flag ($00=off $01=start $80=on)
     C857             (include/VECTREX.I):00073         Vec_Duration    EQU     $C857   ;Duration counter for Init_Music
     C858             (include/VECTREX.I):00074         Vec_Music_Twang EQU     $C858   ;3 word 'twang' table used by Init_Music
     C858             (include/VECTREX.I):00075         Vec_Expl_1      EQU     $C858   ;Four bytes copied from Explosion_Snd's U-reg parameters
     C859             (include/VECTREX.I):00076         Vec_Expl_2      EQU     $C859   ;
     C85A             (include/VECTREX.I):00077         Vec_Expl_3      EQU     $C85A   ;
     C85B             (include/VECTREX.I):00078         Vec_Expl_4      EQU     $C85B   ;
     C85C             (include/VECTREX.I):00079         Vec_Expl_Chan   EQU     $C85C   ;Used by Explosion_Snd - channel number in use?
     C85D             (include/VECTREX.I):00080         Vec_Expl_ChanB  EQU     $C85D   ;Used by Explosion_Snd - bit for second channel used?
     C85E             (include/VECTREX.I):00081         Vec_ADSR_Timers EQU     $C85E   ;ADSR timers for each sound channel (3 bytes)
     C861             (include/VECTREX.I):00082         Vec_Music_Freq  EQU     $C861   ;Storage for base frequency of each channel (3 words)
                      (include/VECTREX.I):00083         *                       $C85E   ;Scratch 'score' storage for Display_Option (7 bytes)
     C867             (include/VECTREX.I):00084         Vec_Expl_Flag   EQU     $C867   ;Explosion_Snd initialization flag?
                      (include/VECTREX.I):00085         *               $C868...$C876   ;Unused?
     C877             (include/VECTREX.I):00086         Vec_Expl_Timer  EQU     $C877   ;Used by Explosion_Snd
                      (include/VECTREX.I):00087         *                       $C878   ;Unused?
     C879             (include/VECTREX.I):00088         Vec_Num_Players EQU     $C879   ;Number of players selected in Select_Game
     C87A             (include/VECTREX.I):00089         Vec_Num_Game    EQU     $C87A   ;Game number selected in Select_Game
     C87B             (include/VECTREX.I):00090         Vec_Seed_Ptr    EQU     $C87B   ;Pointer to 3-byte random number seed (=$C87D)
     C87D             (include/VECTREX.I):00091         Vec_Random_Seed EQU     $C87D   ;Default 3-byte random number seed
                      (include/VECTREX.I):00092                                         ;
                      (include/VECTREX.I):00093         *    $C880 - $CBEA is user RAM  ;
                      (include/VECTREX.I):00094                                         ;
     CBEA             (include/VECTREX.I):00095         Vec_Default_Stk EQU     $CBEA   ;Default top-of-stack
     CBEB             (include/VECTREX.I):00096         Vec_High_Score  EQU     $CBEB   ;High score storage (7 bytes)
     CBF2             (include/VECTREX.I):00097         Vec_SWI3_Vector EQU     $CBF2   ;SWI2/SWI3 interrupt vector (3 bytes)
     CBF2             (include/VECTREX.I):00098         Vec_SWI2_Vector EQU     $CBF2   ;SWI2/SWI3 interrupt vector (3 bytes)
     CBF5             (include/VECTREX.I):00099         Vec_FIRQ_Vector EQU     $CBF5   ;FIRQ interrupt vector (3 bytes)
     CBF8             (include/VECTREX.I):00100         Vec_IRQ_Vector  EQU     $CBF8   ;IRQ interrupt vector (3 bytes)
     CBFB             (include/VECTREX.I):00101         Vec_SWI_Vector  EQU     $CBFB   ;SWI/NMI interrupt vector (3 bytes)
     CBFB             (include/VECTREX.I):00102         Vec_NMI_Vector  EQU     $CBFB   ;SWI/NMI interrupt vector (3 bytes)
     CBFE             (include/VECTREX.I):00103         Vec_Cold_Flag   EQU     $CBFE   ;Cold start flag (warm start if = $7321)
                      (include/VECTREX.I):00104                                         ;
     D000             (include/VECTREX.I):00105         VIA_port_b      EQU     $D000   ;VIA port B data I/O register
                      (include/VECTREX.I):00106         *       0 sample/hold (0=enable  mux 1=disable mux)
                      (include/VECTREX.I):00107         *       1 mux sel 0
                      (include/VECTREX.I):00108         *       2 mux sel 1
                      (include/VECTREX.I):00109         *       3 sound BC1
                      (include/VECTREX.I):00110         *       4 sound BDIR
                      (include/VECTREX.I):00111         *       5 comparator input
                      (include/VECTREX.I):00112         *       6 external device (slot pin 35) initialized to input
                      (include/VECTREX.I):00113         *       7 /RAMP
     D001             (include/VECTREX.I):00114         VIA_port_a      EQU     $D001   ;VIA port A data I/O register (handshaking)
     D002             (include/VECTREX.I):00115         VIA_DDR_b       EQU     $D002   ;VIA port B data direction register (0=input 1=output)
     D003             (include/VECTREX.I):00116         VIA_DDR_a       EQU     $D003   ;VIA port A data direction register (0=input 1=output)
     D004             (include/VECTREX.I):00117         VIA_t1_cnt_lo   EQU     $D004   ;VIA timer 1 count register lo (scale factor)
     D005             (include/VECTREX.I):00118         VIA_t1_cnt_hi   EQU     $D005   ;VIA timer 1 count register hi
     D006             (include/VECTREX.I):00119         VIA_t1_lch_lo   EQU     $D006   ;VIA timer 1 latch register lo
     D007             (include/VECTREX.I):00120         VIA_t1_lch_hi   EQU     $D007   ;VIA timer 1 latch register hi
     D008             (include/VECTREX.I):00121         VIA_t2_lo       EQU     $D008   ;VIA timer 2 count/latch register lo (refresh)
     D009             (include/VECTREX.I):00122         VIA_t2_hi       EQU     $D009   ;VIA timer 2 count/latch register hi
     D00A             (include/VECTREX.I):00123         VIA_shift_reg   EQU     $D00A   ;VIA shift register
     D00B             (include/VECTREX.I):00124         VIA_aux_cntl    EQU     $D00B   ;VIA auxiliary control register
                      (include/VECTREX.I):00125         *       0 PA latch enable
                      (include/VECTREX.I):00126         *       1 PB latch enable
                      (include/VECTREX.I):00127         *       2 \                     110=output to CB2 under control of phase 2 clock
                      (include/VECTREX.I):00128         *       3  > shift register control     (110 is the only mode used by the Vectrex ROM)
                      (include/VECTREX.I):00129         *       4 /
                      (include/VECTREX.I):00130         *       5 0=t2 one shot                 1=t2 free running
                      (include/VECTREX.I):00131         *       6 0=t1 one shot                 1=t1 free running
                      (include/VECTREX.I):00132         *       7 0=t1 disable PB7 output       1=t1 enable PB7 output
     D00C             (include/VECTREX.I):00133         VIA_cntl        EQU     $D00C   ;VIA control register
                      (include/VECTREX.I):00134         *       0 CA1 control     CA1 -> SW7    0=IRQ on low 1=IRQ on high
                      (include/VECTREX.I):00135         *       1 \
                      (include/VECTREX.I):00136         *       2  > CA2 control  CA2 -> /ZERO  110=low 111=high
                      (include/VECTREX.I):00137         *       3 /
                      (include/VECTREX.I):00138         *       4 CB1 control     CB1 -> NC     0=IRQ on low 1=IRQ on high
                      (include/VECTREX.I):00139         *       5 \
                      (include/VECTREX.I):00140         *       6  > CB2 control  CB2 -> /BLANK 110=low 111=high
                      (include/VECTREX.I):00141         *       7 /
     D00D             (include/VECTREX.I):00142         VIA_int_flags   EQU     $D00D   ;VIA interrupt flags register
                      (include/VECTREX.I):00143         *               bit                             cleared by
                      (include/VECTREX.I):00144         *       0 CA2 interrupt flag            reading or writing port A I/O
                      (include/VECTREX.I):00145         *       1 CA1 interrupt flag            reading or writing port A I/O
                      (include/VECTREX.I):00146         *       2 shift register interrupt flag reading or writing shift register
                      (include/VECTREX.I):00147         *       3 CB2 interrupt flag            reading or writing port B I/O
                      (include/VECTREX.I):00148         *       4 CB1 interrupt flag            reading or writing port A I/O
                      (include/VECTREX.I):00149         *       5 timer 2 interrupt flag        read t2 low or write t2 high
                      (include/VECTREX.I):00150         *       6 timer 1 interrupt flag        read t1 count low or write t1 high
                      (include/VECTREX.I):00151         *       7 IRQ status flag               write logic 0 to IER or IFR bit
     D00E             (include/VECTREX.I):00152         VIA_int_enable  EQU     $D00E   ;VIA interrupt enable register
                      (include/VECTREX.I):00153         *       0 CA2 interrupt enable
                      (include/VECTREX.I):00154         *       1 CA1 interrupt enable
                      (include/VECTREX.I):00155         *       2 shift register interrupt enable
                      (include/VECTREX.I):00156         *       3 CB2 interrupt enable
                      (include/VECTREX.I):00157         *       4 CB1 interrupt enable
                      (include/VECTREX.I):00158         *       5 timer 2 interrupt enable
                      (include/VECTREX.I):00159         *       6 timer 1 interrupt enable
                      (include/VECTREX.I):00160         *       7 IER set/clear control
     D00F             (include/VECTREX.I):00161         VIA_port_a_nohs EQU     $D00F   ;VIA port A data I/O register (no handshaking)
                      (include/VECTREX.I):00162         
     F000             (include/VECTREX.I):00163         Cold_Start      EQU     $F000   ;
     F06C             (include/VECTREX.I):00164         Warm_Start      EQU     $F06C   ;
     F14C             (include/VECTREX.I):00165         Init_VIA        EQU     $F14C   ;
     F164             (include/VECTREX.I):00166         Init_OS_RAM     EQU     $F164   ;
     F18B             (include/VECTREX.I):00167         Init_OS         EQU     $F18B   ;
     F192             (include/VECTREX.I):00168         Wait_Recal      EQU     $F192   ;
     F1A2             (include/VECTREX.I):00169         Set_Refresh     EQU     $F1A2   ;
     F1AA             (include/VECTREX.I):00170         DP_to_D0        EQU     $F1AA   ;
     F1AF             (include/VECTREX.I):00171         DP_to_C8        EQU     $F1AF   ;
     F1B4             (include/VECTREX.I):00172         Read_Btns_Mask  EQU     $F1B4   ;
     F1BA             (include/VECTREX.I):00173         Read_Btns       EQU     $F1BA   ;
     F1F5             (include/VECTREX.I):00174         Joy_Analog      EQU     $F1F5   ;
     F1F8             (include/VECTREX.I):00175         Joy_Digital     EQU     $F1F8   ;
     F256             (include/VECTREX.I):00176         Sound_Byte      EQU     $F256   ;
     F259             (include/VECTREX.I):00177         Sound_Byte_x    EQU     $F259   ;
     F25B             (include/VECTREX.I):00178         Sound_Byte_raw  EQU     $F25B   ;
     F272             (include/VECTREX.I):00179         Clear_Sound     EQU     $F272   ;
     F27D             (include/VECTREX.I):00180         Sound_Bytes     EQU     $F27D   ;
     F284             (include/VECTREX.I):00181         Sound_Bytes_x   EQU     $F284   ;
     F289             (include/VECTREX.I):00182         Do_Sound        EQU     $F289   ;
     F28C             (include/VECTREX.I):00183         Do_Sound_x      EQU     $F28C   ;
     F29D             (include/VECTREX.I):00184         Intensity_1F    EQU     $F29D   ;
     F2A1             (include/VECTREX.I):00185         Intensity_3F    EQU     $F2A1   ;
     F2A5             (include/VECTREX.I):00186         Intensity_5F    EQU     $F2A5   ;
     F2A9             (include/VECTREX.I):00187         Intensity_7F    EQU     $F2A9   ;
     F2AB             (include/VECTREX.I):00188         Intensity_a     EQU     $F2AB   ;
     F2BE             (include/VECTREX.I):00189         Dot_ix_b        EQU     $F2BE   ;
     F2C1             (include/VECTREX.I):00190         Dot_ix          EQU     $F2C1   ;
     F2C3             (include/VECTREX.I):00191         Dot_d           EQU     $F2C3   ;
     F2C5             (include/VECTREX.I):00192         Dot_here        EQU     $F2C5   ;
     F2D5             (include/VECTREX.I):00193         Dot_List        EQU     $F2D5   ;
     F2DE             (include/VECTREX.I):00194         Dot_List_Reset  EQU     $F2DE   ;
     F2E6             (include/VECTREX.I):00195         Recalibrate     EQU     $F2E6   ;
     F2F2             (include/VECTREX.I):00196         Moveto_x_7F     EQU     $F2F2   ;
     F2FC             (include/VECTREX.I):00197         Moveto_d_7F     EQU     $F2FC   ;
     F308             (include/VECTREX.I):00198         Moveto_ix_FF    EQU     $F308   ;
     F30C             (include/VECTREX.I):00199         Moveto_ix_7F    EQU     $F30C   ;
     F30E             (include/VECTREX.I):00200         Moveto_ix_a     EQU     $F30E   ;
     F310             (include/VECTREX.I):00201         Moveto_ix       EQU     $F310   ;
     F312             (include/VECTREX.I):00202         Moveto_d        EQU     $F312   ;
     F34A             (include/VECTREX.I):00203         Reset0Ref_D0    EQU     $F34A   ;
     F34F             (include/VECTREX.I):00204         Check0Ref       EQU     $F34F   ;
     F354             (include/VECTREX.I):00205         Reset0Ref       EQU     $F354   ;
     F35B             (include/VECTREX.I):00206         Reset_Pen       EQU     $F35B   ;
     F36B             (include/VECTREX.I):00207         Reset0Int       EQU     $F36B   ;
     F373             (include/VECTREX.I):00208         Print_Str_hwyx  EQU     $F373   ;
     F378             (include/VECTREX.I):00209         Print_Str_yx    EQU     $F378   ;
     F37A             (include/VECTREX.I):00210         Print_Str_d     EQU     $F37A   ;
     F385             (include/VECTREX.I):00211         Print_List_hw   EQU     $F385   ;
     F38A             (include/VECTREX.I):00212         Print_List      EQU     $F38A   ;
     F38C             (include/VECTREX.I):00213         Print_List_chk  EQU     $F38C   ;
     F391             (include/VECTREX.I):00214         Print_Ships_x   EQU     $F391   ;
     F393             (include/VECTREX.I):00215         Print_Ships     EQU     $F393   ;
     F3AD             (include/VECTREX.I):00216         Mov_Draw_VLc_a  EQU     $F3AD   ;count y x y x ...
     F3B1             (include/VECTREX.I):00217         Mov_Draw_VL_b   EQU     $F3B1   ;y x y x ...
     F3B5             (include/VECTREX.I):00218         Mov_Draw_VLcs   EQU     $F3B5   ;count scale y x y x ...
     F3B7             (include/VECTREX.I):00219         Mov_Draw_VL_ab  EQU     $F3B7   ;y x y x ...
     F3B9             (include/VECTREX.I):00220         Mov_Draw_VL_a   EQU     $F3B9   ;y x y x ...
     F3BC             (include/VECTREX.I):00221         Mov_Draw_VL     EQU     $F3BC   ;y x y x ...
     F3BE             (include/VECTREX.I):00222         Mov_Draw_VL_d   EQU     $F3BE   ;y x y x ...
     F3CE             (include/VECTREX.I):00223         Draw_VLc        EQU     $F3CE   ;count y x y x ...
     F3D2             (include/VECTREX.I):00224         Draw_VL_b       EQU     $F3D2   ;y x y x ...
     F3D6             (include/VECTREX.I):00225         Draw_VLcs       EQU     $F3D6   ;count scale y x y x ...
     F3D8             (include/VECTREX.I):00226         Draw_VL_ab      EQU     $F3D8   ;y x y x ...
     F3DA             (include/VECTREX.I):00227         Draw_VL_a       EQU     $F3DA   ;y x y x ...
     F3DD             (include/VECTREX.I):00228         Draw_VL         EQU     $F3DD   ;y x y x ...
     F3DF             (include/VECTREX.I):00229         Draw_Line_d     EQU     $F3DF   ;y x y x ...
     F404             (include/VECTREX.I):00230         Draw_VLp_FF     EQU     $F404   ;pattern y x pattern y x ... $01
     F408             (include/VECTREX.I):00231         Draw_VLp_7F     EQU     $F408   ;pattern y x pattern y x ... $01
     F40C             (include/VECTREX.I):00232         Draw_VLp_scale  EQU     $F40C   ;scale pattern y x pattern y x ... $01
     F40E             (include/VECTREX.I):00233         Draw_VLp_b      EQU     $F40E   ;pattern y x pattern y x ... $01
     F410             (include/VECTREX.I):00234         Draw_VLp        EQU     $F410   ;pattern y x pattern y x ... $01
     F434             (include/VECTREX.I):00235         Draw_Pat_VL_a   EQU     $F434   ;y x y x ...
     F437             (include/VECTREX.I):00236         Draw_Pat_VL     EQU     $F437   ;y x y x ...
     F439             (include/VECTREX.I):00237         Draw_Pat_VL_d   EQU     $F439   ;y x y x ...
     F46E             (include/VECTREX.I):00238         Draw_VL_mode    EQU     $F46E   ;mode y x mode y x ... $01
     F495             (include/VECTREX.I):00239         Print_Str       EQU     $F495   ;
     F511             (include/VECTREX.I):00240         Random_3        EQU     $F511   ;
     F517             (include/VECTREX.I):00241         Random          EQU     $F517   ;
     F533             (include/VECTREX.I):00242         Init_Music_Buf  EQU     $F533   ;
     F53F             (include/VECTREX.I):00243         Clear_x_b       EQU     $F53F   ;
     F542             (include/VECTREX.I):00244         Clear_C8_RAM    EQU     $F542   ;never used by GCE carts?
     F545             (include/VECTREX.I):00245         Clear_x_256     EQU     $F545   ;
     F548             (include/VECTREX.I):00246         Clear_x_d       EQU     $F548   ;
     F550             (include/VECTREX.I):00247         Clear_x_b_80    EQU     $F550   ;
     F552             (include/VECTREX.I):00248         Clear_x_b_a     EQU     $F552   ;
     F55A             (include/VECTREX.I):00249         Dec_3_Counters  EQU     $F55A   ;
     F55E             (include/VECTREX.I):00250         Dec_6_Counters  EQU     $F55E   ;
     F563             (include/VECTREX.I):00251         Dec_Counters    EQU     $F563   ;
     F56D             (include/VECTREX.I):00252         Delay_3         EQU     $F56D   ;30 cycles
     F571             (include/VECTREX.I):00253         Delay_2         EQU     $F571   ;25 cycles
     F575             (include/VECTREX.I):00254         Delay_1         EQU     $F575   ;20 cycles
     F579             (include/VECTREX.I):00255         Delay_0         EQU     $F579   ;12 cycles
     F57A             (include/VECTREX.I):00256         Delay_b         EQU     $F57A   ;5*B + 10 cycles
     F57D             (include/VECTREX.I):00257         Delay_RTS       EQU     $F57D   ;5 cycles
     F57E             (include/VECTREX.I):00258         Bitmask_a       EQU     $F57E   ;
     F584             (include/VECTREX.I):00259         Abs_a_b         EQU     $F584   ;
     F58B             (include/VECTREX.I):00260         Abs_b           EQU     $F58B   ;
     F593             (include/VECTREX.I):00261         Rise_Run_Angle  EQU     $F593   ;
     F5D9             (include/VECTREX.I):00262         Get_Rise_Idx    EQU     $F5D9   ;
     F5DB             (include/VECTREX.I):00263         Get_Run_Idx     EQU     $F5DB   ;
     F5EF             (include/VECTREX.I):00264         Get_Rise_Run    EQU     $F5EF   ;
     F5FF             (include/VECTREX.I):00265         Rise_Run_X      EQU     $F5FF   ;
     F601             (include/VECTREX.I):00266         Rise_Run_Y      EQU     $F601   ;
     F603             (include/VECTREX.I):00267         Rise_Run_Len    EQU     $F603   ;
     F610             (include/VECTREX.I):00268         Rot_VL_ab       EQU     $F610   ;
     F616             (include/VECTREX.I):00269         Rot_VL          EQU     $F616   ;
     F61F             (include/VECTREX.I):00270         Rot_VL_Mode_a   EQU     $F61F   ;
     F62B             (include/VECTREX.I):00271         Rot_VL_Mode     EQU     $F62B   ;
     F637             (include/VECTREX.I):00272         Rot_VL_dft      EQU     $F637   ;
     F65B             (include/VECTREX.I):00273         Xform_Run_a     EQU     $F65B   ;
     F65D             (include/VECTREX.I):00274         Xform_Run       EQU     $F65D   ;
     F661             (include/VECTREX.I):00275         Xform_Rise_a    EQU     $F661   ;
     F663             (include/VECTREX.I):00276         Xform_Rise      EQU     $F663   ;
     F67F             (include/VECTREX.I):00277         Move_Mem_a_1    EQU     $F67F   ;
     F683             (include/VECTREX.I):00278         Move_Mem_a      EQU     $F683   ;
     F687             (include/VECTREX.I):00279         Init_Music_chk  EQU     $F687   ;
     F68D             (include/VECTREX.I):00280         Init_Music      EQU     $F68D   ;
     F692             (include/VECTREX.I):00281         Init_Music_x    EQU     $F692   ;
     F7A9             (include/VECTREX.I):00282         Select_Game     EQU     $F7A9   ;
     F84F             (include/VECTREX.I):00283         Clear_Score     EQU     $F84F   ;
     F85E             (include/VECTREX.I):00284         Add_Score_a     EQU     $F85E   ;
     F87C             (include/VECTREX.I):00285         Add_Score_d     EQU     $F87C   ;
     F8B7             (include/VECTREX.I):00286         Strip_Zeros     EQU     $F8B7   ;
     F8C7             (include/VECTREX.I):00287         Compare_Score   EQU     $F8C7   ;
     F8D8             (include/VECTREX.I):00288         New_High_Score  EQU     $F8D8   ;
     F8E5             (include/VECTREX.I):00289         Obj_Will_Hit_u  EQU     $F8E5   ;
     F8F3             (include/VECTREX.I):00290         Obj_Will_Hit    EQU     $F8F3   ;
     F8FF             (include/VECTREX.I):00291         Obj_Hit         EQU     $F8FF   ;
     F92E             (include/VECTREX.I):00292         Explosion_Snd   EQU     $F92E   ;
     FF9F             (include/VECTREX.I):00293         Draw_Grid_VL    EQU     $FF9F   ;
                      (include/VECTREX.I):00294                                         ;
     FD0D             (include/VECTREX.I):00295         music1  EQU $FD0D               ;
     FD1D             (include/VECTREX.I):00296         music2  EQU $FD1D               ;
     FD81             (include/VECTREX.I):00297         music3  EQU $FD81               ;
     FDD3             (include/VECTREX.I):00298         music4  EQU $FDD3               ;
     FE38             (include/VECTREX.I):00299         music5  EQU $FE38               ;
     FE76             (include/VECTREX.I):00300         music6  EQU $FE76               ;
     FEC6             (include/VECTREX.I):00301         music7  EQU $FEC6               ;
     FEF8             (include/VECTREX.I):00302         music8  EQU $FEF8               ;
     FF26             (include/VECTREX.I):00303         music9  EQU $FF26               ;
     FF44             (include/VECTREX.I):00304         musica  EQU $FF44               ;
     FF62             (include/VECTREX.I):00305         musicb  EQU $FF62               ;
     FF7A             (include/VECTREX.I):00306         musicc  EQU $FF7A               ;
     FF8F             (include/VECTREX.I):00307         musicd  EQU $FF8F               ;
                      (_debug_simple.asm):00007         
                      (_debug_simple.asm):00008         ;***************************************************************************
                      (_debug_simple.asm):00009         ; HEADER SECTION
                      (_debug_simple.asm):00010         ;***************************************************************************
0000 6720474345203139 (_debug_simple.asm):00011             FCC "g GCE 1982"
     3832
000A 80               (_debug_simple.asm):00012             FCB $80
000B FD0D             (_debug_simple.asm):00013             FDB music1
000D F8               (_debug_simple.asm):00014             FCB $F8
000E 50               (_debug_simple.asm):00015             FCB $50
000F 20               (_debug_simple.asm):00016             FCB $20
0010 BB               (_debug_simple.asm):00017             FCB $BB
0011 5445535420444542 (_debug_simple.asm):00018             FCC "TEST DEBUG SIMPLE"
     55472053494D504C
     45
0022 80               (_debug_simple.asm):00019             FCB $80
0023 00               (_debug_simple.asm):00020             FCB 0
                      (_debug_simple.asm):00021         
                      (_debug_simple.asm):00022         ;***************************************************************************
                      (_debug_simple.asm):00023         ; CODE SECTION
                      (_debug_simple.asm):00024         ;***************************************************************************
0024 7E0027           (_debug_simple.asm):00025             JMP START
                      (_debug_simple.asm):00026         
0027                  (_debug_simple.asm):00027         START:
0027 8680             (_debug_simple.asm):00028             LDA #$80
0029 B7D004           (_debug_simple.asm):00029             STA VIA_t1_cnt_lo
002C 8ECBEA           (_debug_simple.asm):00030             LDX #Vec_Default_Stk
002F 1F14             (_debug_simple.asm):00031             TFR X,S
                      (_debug_simple.asm):00032         
                      (_debug_simple.asm):00033             ; *** DEBUG *** main() function code inline (initialization)
                      (_debug_simple.asm):00034             ; VPy_LINE:2
                      (_debug_simple.asm):00035         ; NATIVE_CALL: VECTREX_WAIT_RECAL at line 2
0031 BD00BB           (_debug_simple.asm):00036             JSR VECTREX_WAIT_RECAL
0034 4F               (_debug_simple.asm):00037             CLRA
0035 5F               (_debug_simple.asm):00038             CLRB
0036 FDC880           (_debug_simple.asm):00039             STD RESULT
                      (_debug_simple.asm):00040             ; VPy_LINE:3
0039 CC007F           (_debug_simple.asm):00041             LDD #127
003C FDC880           (_debug_simple.asm):00042             STD RESULT
003F FCC880           (_debug_simple.asm):00043             LDD RESULT
0042 FDC89A           (_debug_simple.asm):00044             STD VAR_ARG0
                      (_debug_simple.asm):00045         ; NATIVE_CALL: VECTREX_SET_INTENSITY at line 3
0045 BD00B4           (_debug_simple.asm):00046             JSR VECTREX_SET_INTENSITY
0048 4F               (_debug_simple.asm):00047             CLRA
0049 5F               (_debug_simple.asm):00048             CLRB
004A FDC880           (_debug_simple.asm):00049             STD RESULT
                      (_debug_simple.asm):00050         
004D                  (_debug_simple.asm):00051         MAIN:
004D BDF192           (_debug_simple.asm):00052             JSR Wait_Recal
0050 8680             (_debug_simple.asm):00053             LDA #$80
0052 B7D004           (_debug_simple.asm):00054             STA VIA_t1_cnt_lo
                      (_debug_simple.asm):00055             ; *** Call loop() as subroutine (executed every frame)
0055 BD005A           (_debug_simple.asm):00056             JSR LOOP_BODY
0058 20F3             (_debug_simple.asm):00057             BRA MAIN
                      (_debug_simple.asm):00058         
005A                  (_debug_simple.asm):00059         LOOP_BODY:
                      (_debug_simple.asm):00060             ; DEBUG: Processing 2 statements in loop() body
                      (_debug_simple.asm):00061             ; DEBUG: Statement 0 - Discriminant(6)
                      (_debug_simple.asm):00062             ; VPy_LINE:7
005A CC002A           (_debug_simple.asm):00063             LDD #42
005D FDC880           (_debug_simple.asm):00064             STD RESULT
0060 FCC880           (_debug_simple.asm):00065             LDD RESULT
0063 FDC89A           (_debug_simple.asm):00066             STD VAR_ARG0
                      (_debug_simple.asm):00067         ; NATIVE_CALL: VECTREX_DEBUG_PRINT at line 7
0066 BD00A8           (_debug_simple.asm):00068             JSR VECTREX_DEBUG_PRINT
0069 4F               (_debug_simple.asm):00069             CLRA
006A 5F               (_debug_simple.asm):00070             CLRB
006B FDC880           (_debug_simple.asm):00071             STD RESULT
                      (_debug_simple.asm):00072             ; DEBUG: Statement 1 - Discriminant(6)
                      (_debug_simple.asm):00073             ; VPy_LINE:10
006E CCFFEC           (_debug_simple.asm):00074             LDD #65516
0071 FDC880           (_debug_simple.asm):00075             STD RESULT
0074 FCC880           (_debug_simple.asm):00076             LDD RESULT
0077 FDC89A           (_debug_simple.asm):00077             STD VAR_ARG0
007A CC0000           (_debug_simple.asm):00078             LDD #0
007D FDC880           (_debug_simple.asm):00079             STD RESULT
0080 FCC880           (_debug_simple.asm):00080             LDD RESULT
0083 FDC89C           (_debug_simple.asm):00081             STD VAR_ARG1
0086 8E00BF           (_debug_simple.asm):00082             LDX #STR_0
0089 BFC880           (_debug_simple.asm):00083             STX RESULT
008C FCC880           (_debug_simple.asm):00084             LDD RESULT
008F FDC89E           (_debug_simple.asm):00085             STD VAR_ARG2
                      (_debug_simple.asm):00086         ; NATIVE_CALL: VECTREX_PRINT_TEXT at line 10
0092 BD009B           (_debug_simple.asm):00087             JSR VECTREX_PRINT_TEXT
0095 4F               (_debug_simple.asm):00088             CLRA
0096 5F               (_debug_simple.asm):00089             CLRB
0097 FDC880           (_debug_simple.asm):00090             STD RESULT
009A 39               (_debug_simple.asm):00091             RTS
                      (_debug_simple.asm):00092         
009B                  (_debug_simple.asm):00093         VECTREX_PRINT_TEXT:
                      (_debug_simple.asm):00094             ; Wait_Recal set DP=$D0 and zeroed beam; just load U,Y,X and call BIOS
009B FEC89E           (_debug_simple.asm):00095             LDU VAR_ARG2   ; string pointer (high-bit terminated)
009E B6C89D           (_debug_simple.asm):00096             LDA VAR_ARG1+1 ; Y
00A1 F6C89B           (_debug_simple.asm):00097             LDB VAR_ARG0+1 ; X
00A4 BDF37A           (_debug_simple.asm):00098             JSR Print_Str_d
00A7 39               (_debug_simple.asm):00099             RTS
00A8                  (_debug_simple.asm):00100         VECTREX_DEBUG_PRINT:
                      (_debug_simple.asm):00101             ; Debug print to console - writes to end of RAM (safe area)
00A8 B6C89B           (_debug_simple.asm):00102             LDA VAR_ARG0+1   ; Load value to debug print
00AB B7CF00           (_debug_simple.asm):00103             STA $CF00        ; Debug output value at end of RAM
00AE 8642             (_debug_simple.asm):00104             LDA #$42         ; Debug marker
00B0 B7CF01           (_debug_simple.asm):00105             STA $CF01        ; Debug marker to indicate new output
00B3 39               (_debug_simple.asm):00106             RTS
00B4                  (_debug_simple.asm):00107         VECTREX_SET_INTENSITY:
00B4 B6C89B           (_debug_simple.asm):00108             LDA VAR_ARG0+1
00B7 BDF2AB           (_debug_simple.asm):00109             JSR Intensity_a
00BA 39               (_debug_simple.asm):00110             RTS
00BB                  (_debug_simple.asm):00111         VECTREX_WAIT_RECAL:
00BB BDF192           (_debug_simple.asm):00112             JSR Wait_Recal
00BE 39               (_debug_simple.asm):00113             RTS
                      (_debug_simple.asm):00114         ;***************************************************************************
                      (_debug_simple.asm):00115         ; DATA SECTION
                      (_debug_simple.asm):00116         ;***************************************************************************
                      (_debug_simple.asm):00117         ; Variables (in RAM)
     C880             (_debug_simple.asm):00118         RESULT    EQU $C880
                      (_debug_simple.asm):00119         ; String literals (classic FCC + $80 terminator)
00BF                  (_debug_simple.asm):00120         STR_0:
00BF 4445425547       (_debug_simple.asm):00121             FCC "DEBUG"
00C4 80               (_debug_simple.asm):00122             FCB $80
                      (_debug_simple.asm):00123         ; Call argument scratch space
     C89A             (_debug_simple.asm):00124         VAR_ARG0 EQU RESULT+26
     C89C             (_debug_simple.asm):00125         VAR_ARG1 EQU RESULT+28
     C89E             (_debug_simple.asm):00126         VAR_ARG2 EQU RESULT+30
